Started UTC: 2026-09-08T17:16:29.241086+00:00
Command argv: ["docker", "compose", "pull", "kafka"]
 Image apache/kafka:4.2.1@sha256:2d2f77837385f202b1947fc3ed62421de344f0ced47dde360ca5afdad11b51fa Pulling 
 6a0ac1617861 Pulling fs layer 0B
 af72a3c08467 Pulling fs layer 0B
 ebae26ff29c7 Pulling fs layer 0B
 050416fedead Pulling fs layer 0B
 4f16cd9cc744 Pulling fs layer 0B
 6e338134b21e Pulling fs layer 0B
 5ef4bf1bda35 Pulling fs layer 0B
 4f4fb700ef54 Pulling fs layer 0B
 dccbb394defb Pulling fs layer 0B
 2d1a277377d1 Pulling fs layer 0B
 42516208460b Pulling fs layer 0B
 4a79631b3f48 Pulling fs layer 0B
 4f4fb700ef54 Already exists 0B
 050416fedead Downloading 2.097MB
 050416fedead Downloading 3.146MB
 050416fedead Downloading 3.146MB
 050416fedead Downloading 5.243MB
 050416fedead Downloading 7.34MB
 050416fedead Downloading 8.389MB
 050416fedead Downloading 10.49MB
 050416fedead Downloading 10.49MB
 050416fedead Downloading 12.58MB
 050416fedead Downloading 13.63MB
 050416fedead Downloading 14.68MB
 6a0ac1617861 Downloading 1.049MB
 050416fedead Downloading 16.78MB
 6a0ac1617861 Downloading 1.049MB
 050416fedead Downloading 17.83MB
 6a0ac1617861 Downloading 1.049MB
 050416fedead Downloading 18.87MB
 6a0ac1617861 Downloading 1.049MB
 ebae26ff29c7 Downloading 1.049MB
 050416fedead Downloading 18.87MB
 6a0ac1617861 Downloading 2.097MB
 ebae26ff29c7 Downloading 1.049MB
 050416fedead Downloading 19.92MB
 6a0ac1617861 Downloading 2.097MB
 050416fedead Downloading 20.97MB
 6a0ac1617861 Downloading 2.097MB
 ebae26ff29c7 Downloading 1.049MB
 ebae26ff29c7 Downloading 1.049MB
 050416fedead Downloading 22.02MB
 6a0ac1617861 Downloading 2.097MB
 ebae26ff29c7 Downloading 1.049MB
 050416fedead Downloading 23.07MB
 6a0ac1617861 Downloading 3.146MB
 ebae26ff29c7 Downloading 1.049MB
 050416fedead Downloading 24.12MB
 6a0ac1617861 Downloading 3.146MB
 ebae26ff29c7 Downloading 1.049MB
 050416fedead Downloading 26.21MB
 6a0ac1617861 Download complete 0B
 6a0ac1617861 Extracting 1B
 ebae26ff29c7 Downloading 1.049MB
 050416fedead Downloading 27.26MB
 6a0ac1617861 Extracting 1B
 ebae26ff29c7 Downloading 1.049MB
 050416fedead Downloading 28.31MB
 ebae26ff29c7 Downloading 1.049MB
 050416fedead Downloading 29.36MB
 6a0ac1617861 Pull complete 0B
 ebae26ff29c7 Downloading 1.049MB
 050416fedead Downloading 30.41MB
 050416fedead Downloading 32.51MB
 ebae26ff29c7 Downloading 2.097MB
 ebae26ff29c7 Downloading 2.097MB
 050416fedead Downloading 34.6MB
 ebae26ff29c7 Downloading 2.097MB
 050416fedead Downloading 35.65MB
 ebae26ff29c7 Downloading 2.097MB
 050416fedead Downloading 37.75MB
 ebae26ff29c7 Downloading 2.097MB
 050416fedead Downloading 38.8MB
 ebae26ff29c7 Downloading 2.097MB
 050416fedead Downloading 40.89MB
 ebae26ff29c7 Downloading 2.097MB
 050416fedead Downloading 42.99MB
 ebae26ff29c7 Downloading 2.097MB
 050416fedead Downloading 44.04MB
 ebae26ff29c7 Downloading 3.146MB
 050416fedead Downloading 45.09MB
 4f16cd9cc744 Downloading 1.049MB
 4f16cd9cc744 Downloading 1.049MB
 ebae26ff29c7 Downloading 3.146MB
 050416fedead Downloading 46.14MB
 ebae26ff29c7 Downloading 3.146MB
 050416fedead Downloading 47.19MB
 4f16cd9cc744 Downloading 1.049MB
 ebae26ff29c7 Downloading 3.146MB
 050416fedead Downloading 49.28MB
 4f16cd9cc744 Downloading 1.049MB
 ebae26ff29c7 Downloading 3.146MB
 050416fedead Downloading 50.33MB
 4f16cd9cc744 Downloading 2.097MB
 4f16cd9cc744 Downloading 2.097MB
 ebae26ff29c7 Downloading 3.146MB
 050416fedead Downloading 51.38MB
 4f16cd9cc744 Downloading 2.097MB
 ebae26ff29c7 Downloading 3.146MB
 050416fedead Downloading 52.43MB
 ebae26ff29c7 Downloading 3.146MB
 050416fedead Downloading 55.57MB
 4f16cd9cc744 Downloading 2.097MB
 4f16cd9cc744 Downloading 3.146MB
 ebae26ff29c7 Downloading 3.146MB
 050416fedead Downloading 56.62MB
 ebae26ff29c7 Downloading 4.194MB
 050416fedead Downloading 58.72MB
 4f16cd9cc744 Downloading 3.146MB
 ebae26ff29c7 Downloading 4.194MB
 050416fedead Downloading 59.77MB
 4f16cd9cc744 Downloading 3.146MB
 ebae26ff29c7 Downloading 4.194MB
 050416fedead Downloading 61.87MB
 4f16cd9cc744 Downloading 4.194MB
 ebae26ff29c7 Downloading 4.194MB
 050416fedead Downloading 62.91MB
 4f16cd9cc744 Downloading 4.194MB
 ebae26ff29c7 Downloading 4.194MB
 050416fedead Downloading 63.96MB
 4f16cd9cc744 Downloading 4.194MB
 4f16cd9cc744 Downloading 4.194MB
 ebae26ff29c7 Downloading 4.194MB
 050416fedead Downloading 66.06MB
 4f16cd9cc744 Downloading 5.243MB
 ebae26ff29c7 Downloading 4.194MB
 050416fedead Downloading 68.16MB
 4f16cd9cc744 Downloading 5.243MB
 ebae26ff29c7 Downloading 5.243MB
 050416fedead Downloading 69.21MB
 ebae26ff29c7 Downloading 5.243MB
 050416fedead Downloading 71.3MB
 4f16cd9cc744 Downloading 5.243MB
 4f16cd9cc744 Downloading 6.291MB
 ebae26ff29c7 Downloading 5.243MB
 050416fedead Downloading 72.35MB
 ebae26ff29c7 Downloading 5.243MB
 050416fedead Downloading 74.45MB
 4f16cd9cc744 Downloading 6.291MB
 ebae26ff29c7 Downloading 5.243MB
 050416fedead Downloading 75.5MB
 4f16cd9cc744 Downloading 6.816MB
 ebae26ff29c7 Downloading 5.243MB
 050416fedead Downloading 77.59MB
 4f16cd9cc744 Download complete 0B
 ebae26ff29c7 Downloading 5.243MB
 050416fedead Downloading 79.69MB
 ebae26ff29c7 Downloading 6.291MB
 050416fedead Downloading 81.79MB
 af72a3c08467 Download complete 0B
 ebae26ff29c7 Downloading 6.291MB
 050416fedead Downloading 83.89MB
 ebae26ff29c7 Downloading 6.291MB
 050416fedead Downloading 84.93MB
 ebae26ff29c7 Downloading 6.291MB
 050416fedead Downloading 87.03MB
 ebae26ff29c7 Downloading 6.291MB
 050416fedead Downloading 88.08MB
 ebae26ff29c7 Downloading 6.291MB
 050416fedead Downloading 91.23MB
 ebae26ff29c7 Downloading 6.291MB
 050416fedead Downloading 92.27MB
 ebae26ff29c7 Downloading 7.34MB
 050416fedead Downloading 94.37MB
 6e338134b21e Downloading 1.049MB
 ebae26ff29c7 Downloading 7.34MB
 050416fedead Downloading 96.47MB
 6e338134b21e Downloading 1.049MB
 ebae26ff29c7 Downloading 7.34MB
 050416fedead Downloading 97.52MB
 6e338134b21e Downloading 1.049MB
 ebae26ff29c7 Downloading 7.34MB
 050416fedead Downloading 99.61MB
 6e338134b21e Downloading 1.049MB
 6e338134b21e Downloading 2.097MB
 ebae26ff29c7 Downloading 7.34MB
 050416fedead Downloading 101.7MB
 6e338134b21e Downloading 2.097MB
 ebae26ff29c7 Downloading 7.34MB
 050416fedead Downloading 103.8MB
 ebae26ff29c7 Downloading 7.34MB
 050416fedead Downloading 105.9MB
 6e338134b21e Downloading 2.097MB
 ebae26ff29c7 Downloading 8.389MB
 050416fedead Downloading 107MB
 6e338134b21e Downloading 3.146MB
 ebae26ff29c7 Downloading 8.389MB
 050416fedead Downloading 109.1MB
 6e338134b21e Downloading 3.146MB
 ebae26ff29c7 Downloading 8.389MB
 050416fedead Downloading 110.1MB
 6e338134b21e Downloading 3.146MB
 ebae26ff29c7 Downloading 8.389MB
 050416fedead Downloading 111.1MB
 6e338134b21e Downloading 3.146MB
 ebae26ff29c7 Downloading 8.389MB
 050416fedead Downloading 113.2MB
 6e338134b21e Downloading 4.194MB
 ebae26ff29c7 Downloading 8.389MB
 050416fedead Downloading 114.3MB
 6e338134b21e Downloading 4.194MB
 ebae26ff29c7 Downloading 8.389MB
 050416fedead Downloading 116.4MB
 6e338134b21e Downloading 4.194MB
 ebae26ff29c7 Downloading 8.389MB
 050416fedead Downloading 117.4MB
 6e338134b21e Downloading 4.194MB
 ebae26ff29c7 Downloading 9.437MB
 050416fedead Downloading 118.5MB
 6e338134b21e Downloading 5.243MB
 050416fedead Downloading 120.6MB
 6e338134b21e Downloading 5.243MB
 ebae26ff29c7 Downloading 9.437MB
 ebae26ff29c7 Downloading 9.437MB
 050416fedead Downloading 122.7MB
 6e338134b21e Downloading 5.243MB
 ebae26ff29c7 Downloading 9.437MB
 050416fedead Downloading 123.7MB
 6e338134b21e Downloading 6.291MB
 ebae26ff29c7 Downloading 9.437MB
 050416fedead Downloading 123.7MB
 6e338134b21e Downloading 6.291MB
 ebae26ff29c7 Downloading 9.437MB
 050416fedead Downloading 124.8MB
 6e338134b21e Downloading 6.291MB
 6e338134b21e Downloading 6.291MB
 ebae26ff29c7 Downloading 9.437MB
 050416fedead Downloading 125.8MB
 ebae26ff29c7 Downloading 9.437MB
 050416fedead Downloading 127.9MB
 6e338134b21e Downloading 6.291MB
 ebae26ff29c7 Downloading 10.49MB
 050416fedead Downloading 129MB
 6e338134b21e Downloading 7.34MB
 ebae26ff29c7 Downloading 10.49MB
 050416fedead Downloading 130MB
 6e338134b21e Downloading 7.34MB
 ebae26ff29c7 Downloading 10.49MB
 050416fedead Downloading 132.1MB
 6e338134b21e Downloading 7.34MB
 ebae26ff29c7 Downloading 10.49MB
 050416fedead Downloading 133.2MB
 6e338134b21e Downloading 7.34MB
 ebae26ff29c7 Downloading 10.49MB
 050416fedead Downloading 135.3MB
 6e338134b21e Downloading 8.389MB
 ebae26ff29c7 Downloading 10.49MB
 050416fedead Downloading 137.4MB
 6e338134b21e Downloading 8.389MB
 ebae26ff29c7 Downloading 10.49MB
 050416fedead Downloading 137.4MB
 6e338134b21e Downloading 8.389MB
 ebae26ff29c7 Downloading 11.53MB
 050416fedead Downloading 139.6MB
 6e338134b21e Downloading 9.437MB
 ebae26ff29c7 Downloading 11.53MB
 050416fedead Downloading 139.6MB
 6e338134b21e Downloading 9.437MB
 ebae26ff29c7 Downloading 11.53MB
 050416fedead Downloading 139.6MB
 6e338134b21e Downloading 10.49MB
 ebae26ff29c7 Downloading 11.53MB
 050416fedead Downloading 139.6MB
 6e338134b21e Downloading 10.49MB
 ebae26ff29c7 Downloading 11.53MB
 050416fedead Downloading 139.6MB
 6e338134b21e Downloading 10.49MB
 ebae26ff29c7 Downloading 11.53MB
 050416fedead Downloading 139.6MB
 6e338134b21e Downloading 10.49MB
 ebae26ff29c7 Downloading 12.58MB
 050416fedead Downloading 139.6MB
 6e338134b21e Downloading 10.49MB
 050416fedead Downloading 139.6MB
 6e338134b21e Downloading 11.53MB
 ebae26ff29c7 Downloading 12.58MB
 ebae26ff29c7 Downloading 12.58MB
 050416fedead Downloading 139.6MB
 6e338134b21e Downloading 11.53MB
 ebae26ff29c7 Downloading 12.58MB
 050416fedead Downloading 139.6MB
 6e338134b21e Downloading 12.58MB
 ebae26ff29c7 Downloading 13.63MB
 050416fedead Downloading 139.6MB
 6e338134b21e Downloading 12.58MB
 ebae26ff29c7 Downloading 13.63MB
 050416fedead Downloading 139.6MB
 6e338134b21e Downloading 13.63MB
 6e338134b21e Downloading 14.68MB
 ebae26ff29c7 Downloading 14.77MB
 050416fedead Downloading 139.6MB
 ebae26ff29c7 Downloading 14.77MB
 050416fedead Downloading 139.6MB
 6e338134b21e Downloading 15.73MB
 ebae26ff29c7 Downloading 14.77MB
 050416fedead Downloading 139.6MB
 6e338134b21e Downloading 16.78MB
 ebae26ff29c7 Downloading 14.77MB
 050416fedead Downloading 139.6MB
 6e338134b21e Downloading 16.78MB
 5ef4bf1bda35 Downloading 1.049MB
 ebae26ff29c7 Downloading 14.77MB
 050416fedead Downloading 139.6MB
 6e338134b21e Downloading 16.78MB
 ebae26ff29c7 Downloading 14.77MB
 050416fedead Downloading 139.6MB
 6e338134b21e Downloading 16.78MB
 5ef4bf1bda35 Downloading 1.049MB
 5ef4bf1bda35 Downloading 1.049MB
 ebae26ff29c7 Downloading 14.77MB
 050416fedead Downloading 139.6MB
 6e338134b21e Downloading 16.78MB
 5ef4bf1bda35 Downloading 1.049MB
 ebae26ff29c7 Downloading 14.77MB
 050416fedead Downloading 139.6MB
 6e338134b21e Downloading 16.78MB
 ebae26ff29c7 Downloading 14.77MB
 050416fedead Downloading 139.6MB
 6e338134b21e Downloading 16.78MB
 5ef4bf1bda35 Downloading 1.049MB
 6e338134b21e Downloading 16.78MB
 5ef4bf1bda35 Downloading 1.049MB
 ebae26ff29c7 Downloading 14.77MB
 050416fedead Downloading 139.6MB
 ebae26ff29c7 Downloading 14.77MB
 050416fedead Downloading 139.6MB
 6e338134b21e Downloading 16.78MB
 5ef4bf1bda35 Downloading 1.049MB
 5ef4bf1bda35 Downloading 1.049MB
 ebae26ff29c7 Downloading 14.77MB
 050416fedead Downloading 139.6MB
 6e338134b21e Downloading 16.78MB
 ebae26ff29c7 Downloading 14.77MB
 050416fedead Downloading 139.6MB
 6e338134b21e Downloading 16.78MB
 5ef4bf1bda35 Downloading 1.049MB
 ebae26ff29c7 Downloading 14.77MB
 050416fedead Downloading 139.6MB
 6e338134b21e Downloading 16.78MB
 5ef4bf1bda35 Downloading 1.049MB
 050416fedead Downloading 139.6MB
 6e338134b21e Downloading 16.78MB
 5ef4bf1bda35 Downloading 1.049MB
 ebae26ff29c7 Downloading 14.77MB
 ebae26ff29c7 Downloading 14.77MB
 050416fedead Downloading 139.6MB
 6e338134b21e Downloading 17.83MB
 2d1a277377d1 Downloading 2.281kB
 4a79631b3f48 Downloading 1.567kB
 5ef4bf1bda35 Downloading 4.194MB
 dccbb394defb Downloading 2.273kB
 42516208460b Downloading 128B
 6e338134b21e Downloading 18.87MB
 2d1a277377d1 Downloading 2.281kB
 4a79631b3f48 Downloading 1.567kB
 5ef4bf1bda35 Downloading 4.194MB
 dccbb394defb Downloading 2.273kB
 42516208460b Downloading 128B
 ebae26ff29c7 Downloading 14.77MB
 4a79631b3f48 Downloading 1.567kB
 5ef4bf1bda35 Downloading 5.243MB
 dccbb394defb Download complete 0B
 42516208460b Downloading 128B
 ebae26ff29c7 Downloading 14.77MB
 050416fedead Download complete 0B
 6e338134b21e Downloading 19.92MB
 2d1a277377d1 Downloading 2.281kB
 5ef4bf1bda35 Downloading 5.243MB
 42516208460b Download complete 0B
 ebae26ff29c7 Downloading 14.77MB
 6e338134b21e Downloading 19.92MB
 2d1a277377d1 Downloading 2.281kB
 4a79631b3f48 Download complete 0B
 ebae26ff29c7 Download complete 0B
 6e338134b21e Downloading 20.97MB
 2d1a277377d1 Download complete 0B
 5ef4bf1bda35 Downloading 5.243MB
 5ef4bf1bda35 Downloading 6.291MB
 6e338134b21e Downloading 20.97MB
 6e338134b21e Downloading 23.07MB
 5ef4bf1bda35 Downloading 8.389MB
 6e338134b21e Downloading 24.12MB
 5ef4bf1bda35 Downloading 9.437MB
 6e338134b21e Downloading 25.17MB
 5ef4bf1bda35 Downloading 10.49MB
 6e338134b21e Downloading 26.21MB
 5ef4bf1bda35 Downloading 11.53MB
 5ef4bf1bda35 Downloading 13.63MB
 6e338134b21e Downloading 28.31MB
 6e338134b21e Downloading 30.41MB
 5ef4bf1bda35 Downloading 14.68MB
 6e338134b21e Downloading 31.46MB
 5ef4bf1bda35 Downloading 16.86MB
 6e338134b21e Downloading 32.51MB
 6e338134b21e Downloading 34.6MB
 5ef4bf1bda35 Download complete 0B
 5ef4bf1bda35 Extracting 1B
 6e338134b21e Downloading 35.65MB
 5ef4bf1bda35 Extracting 1B
 6e338134b21e Downloading 36.7MB
 5ef4bf1bda35 Extracting 1B
 6e338134b21e Downloading 38.8MB
 5ef4bf1bda35 Extracting 1B
 6e338134b21e Downloading 40.89MB
 5ef4bf1bda35 Extracting 1B
 6e338134b21e Downloading 41.94MB
 5ef4bf1bda35 Extracting 1B
 6e338134b21e Downloading 44.04MB
 5ef4bf1bda35 Pull complete 0B
 6e338134b21e Downloading 46.14MB
 6e338134b21e Downloading 48.23MB
 6e338134b21e Downloading 49.28MB
 6e338134b21e Downloading 50.33MB
 6e338134b21e Downloading 53.3MB
 6e338134b21e Downloading 53.3MB
 6e338134b21e Downloading 53.3MB
 6e338134b21e Download complete 0B
 6e338134b21e Extracting 1B
 6e338134b21e Extracting 1B
 6e338134b21e Extracting 1B
 6e338134b21e Extracting 1B
 6e338134b21e Extracting 1B
 6e338134b21e Extracting 1B
 6e338134b21e Extracting 1B
 6e338134b21e Extracting 1B
 6e338134b21e Extracting 1B
 6e338134b21e Extracting 1B
 6e338134b21e Extracting 1B
 6e338134b21e Extracting 2B
 6e338134b21e Extracting 2B
 6e338134b21e Extracting 2B
 42516208460b Extracting 1B
 6e338134b21e Pull complete 0B
 42516208460b Pull complete 0B
 2d1a277377d1 Pull complete 0B
 4f4fb700ef54 Pull complete 0B
 050416fedead Extracting 1B
 050416fedead Extracting 1B
 050416fedead Extracting 1B
 050416fedead Extracting 1B
 050416fedead Extracting 1B
 050416fedead Extracting 1B
 050416fedead Extracting 1B
 050416fedead Extracting 1B
 050416fedead Extracting 1B
 050416fedead Extracting 1B
 050416fedead Pull complete 0B
 af72a3c08467 Pull complete 0B
 ebae26ff29c7 Extracting 1B
 ebae26ff29c7 Extracting 1B
 ebae26ff29c7 Extracting 1B
 ebae26ff29c7 Extracting 1B
 ebae26ff29c7 Extracting 1B
 ebae26ff29c7 Extracting 1B
 ebae26ff29c7 Extracting 1B
 ebae26ff29c7 Extracting 1B
 ebae26ff29c7 Extracting 1B
 ebae26ff29c7 Extracting 2B
 ebae26ff29c7 Extracting 2B
 ebae26ff29c7 Extracting 2B
 ebae26ff29c7 Pull complete 0B
 4f16cd9cc744 Extracting 1B
 4f16cd9cc744 Extracting 1B
 4f16cd9cc744 Pull complete 0B
 dccbb394defb Pull complete 0B
 4a79631b3f48 Extracting 1B
 4a79631b3f48 Pull complete 0B
 Image apache/kafka:4.2.1@sha256:2d2f77837385f202b1947fc3ed62421de344f0ced47dde360ca5afdad11b51fa Pulled 
Exit code: 0
Finished UTC: 2026-09-08T17:16:54.673884+00:00
