Started UTC: 2026-09-09T05:10:23.213707+00:00
Command argv: ["docker", "compose", "exec", "-T", "-e", "HF_HUB_OFFLINE=1", "airflow", "python", "/opt/airflow/tests/phase_a_smoke.py"]

CHECK: packages
Python: 3.11.15 (main, Aug 12 2026, 08:57:42) [GCC 12.2.0]
All 195 frozen runtime package versions match.
Import OK: airflow
Import OK: airflow.providers.openlineage
Import OK: openlineage.client
2026-09-09T05:10:35.140390Z [info     ] Skipping registering function get_context because it does not have a class [great_expectations._docs_decorators] loc=_docs_decorators.py:115
2026-09-09T05:10:43.815903Z [info     ] Skipping registering function DataSourceManager._register_add_datasource.<locals>.crud_method_info because it is a closure [great_expectations._docs_decorators] loc=_docs_decorators.py:109
2026-09-09T05:10:43.816374Z [info     ] Skipping registering function DataSourceManager._register_update_datasource.<locals>.crud_method_info because it is a closure [great_expectations._docs_decorators] loc=_docs_decorators.py:109
2026-09-09T05:10:43.816868Z [info     ] Skipping registering function DataSourceManager._register_add_or_update_datasource.<locals>.crud_method_info because it is a closure [great_expectations._docs_decorators] loc=_docs_decorators.py:109
2026-09-09T05:10:43.817493Z [info     ] Skipping registering function DataSourceManager._register_delete_datasource.<locals>.crud_method_info because it is a closure [great_expectations._docs_decorators] loc=_docs_decorators.py:109
2026-09-09T05:10:43.835632Z [info     ] Skipping registering function DataSourceManager._register_add_datasource.<locals>.crud_method_info because it is a closure [great_expectations._docs_decorators] loc=_docs_decorators.py:109
2026-09-09T05:10:43.836277Z [info     ] Skipping registering function DataSourceManager._register_update_datasource.<locals>.crud_method_info because it is a closure [great_expectations._docs_decorators] loc=_docs_decorators.py:109
2026-09-09T05:10:43.836764Z [info     ] Skipping registering function DataSourceManager._register_add_or_update_datasource.<locals>.crud_method_info because it is a closure [great_expectations._docs_decorators] loc=_docs_decorators.py:109
2026-09-09T05:10:43.837151Z [info     ] Skipping registering function DataSourceManager._register_delete_datasource.<locals>.crud_method_info because it is a closure [great_expectations._docs_decorators] loc=_docs_decorators.py:109
2026-09-09T05:10:43.849378Z [info     ] Skipping registering function DataSourceManager._register_add_datasource.<locals>.crud_method_info because it is a closure [great_expectations._docs_decorators] loc=_docs_decorators.py:109
2026-09-09T05:10:43.849686Z [info     ] Skipping registering function DataSourceManager._register_update_datasource.<locals>.crud_method_info because it is a closure [great_expectations._docs_decorators] loc=_docs_decorators.py:109
2026-09-09T05:10:43.849908Z [info     ] Skipping registering function DataSourceManager._register_add_or_update_datasource.<locals>.crud_method_info because it is a closure [great_expectations._docs_decorators] loc=_docs_decorators.py:109
2026-09-09T05:10:43.850094Z [info     ] Skipping registering function DataSourceManager._register_delete_datasource.<locals>.crud_method_info because it is a closure [great_expectations._docs_decorators] loc=_docs_decorators.py:109
2026-09-09T05:10:43.864325Z [info     ] Skipping registering function DataSourceManager._register_add_datasource.<locals>.crud_method_info because it is a closure [great_expectations._docs_decorators] loc=_docs_decorators.py:109
2026-09-09T05:10:43.864633Z [info     ] Skipping registering function DataSourceManager._register_update_datasource.<locals>.crud_method_info because it is a closure [great_expectations._docs_decorators] loc=_docs_decorators.py:109
2026-09-09T05:10:43.864797Z [info     ] Skipping registering function DataSourceManager._register_add_or_update_datasource.<locals>.crud_method_info because it is a closure [great_expectations._docs_decorators] loc=_docs_decorators.py:109
2026-09-09T05:10:43.864946Z [info     ] Skipping registering function DataSourceManager._register_delete_datasource.<locals>.crud_method_info because it is a closure [great_expectations._docs_decorators] loc=_docs_decorators.py:109
2026-09-09T05:10:43.875241Z [info     ] Skipping registering function DataSourceManager._register_add_datasource.<locals>.crud_method_info because it is a closure [great_expectations._docs_decorators] loc=_docs_decorators.py:109
2026-09-09T05:10:43.875677Z [info     ] Skipping registering function DataSourceManager._register_update_datasource.<locals>.crud_method_info because it is a closure [great_expectations._docs_decorators] loc=_docs_decorators.py:109
2026-09-09T05:10:43.876288Z [info     ] Skipping registering function DataSourceManager._register_add_or_update_datasource.<locals>.crud_method_info because it is a closure [great_expectations._docs_decorators] loc=_docs_decorators.py:109
2026-09-09T05:10:43.876776Z [info     ] Skipping registering function DataSourceManager._register_delete_datasource.<locals>.crud_method_info because it is a closure [great_expectations._docs_decorators] loc=_docs_decorators.py:109
2026-09-09T05:10:44.064248Z [info     ] Skipping registering function DataSourceManager._bind_asset_factory_method_if_not_present.<locals>._add_asset_factory because it is a closure [great_expectations._docs_decorators] loc=_docs_decorators.py:109
2026-09-09T05:10:44.064642Z [info     ] Skipping registering function DataSourceManager._register_add_datasource.<locals>.crud_method_info because it is a closure [great_expectations._docs_decorators] loc=_docs_decorators.py:109
2026-09-09T05:10:44.064801Z [info     ] Skipping registering function DataSourceManager._register_update_datasource.<locals>.crud_method_info because it is a closure [great_expectations._docs_decorators] loc=_docs_decorators.py:109
2026-09-09T05:10:44.064950Z [info     ] Skipping registering function DataSourceManager._register_add_or_update_datasource.<locals>.crud_method_info because it is a closure [great_expectations._docs_decorators] loc=_docs_decorators.py:109
2026-09-09T05:10:44.065092Z [info     ] Skipping registering function DataSourceManager._register_delete_datasource.<locals>.crud_method_info because it is a closure [great_expectations._docs_decorators] loc=_docs_decorators.py:109
2026-09-09T05:10:44.264192Z [info     ] Skipping registering function DataSourceManager._bind_asset_factory_method_if_not_present.<locals>._add_asset_factory because it is a closure [great_expectations._docs_decorators] loc=_docs_decorators.py:109
2026-09-09T05:10:44.264534Z [info     ] Skipping registering function DataSourceManager._bind_asset_factory_method_if_not_present.<locals>._add_asset_factory because it is a closure [great_expectations._docs_decorators] loc=_docs_decorators.py:109
2026-09-09T05:10:44.264798Z [info     ] Skipping registering function DataSourceManager._bind_asset_factory_method_if_not_present.<locals>._add_asset_factory because it is a closure [great_expectations._docs_decorators] loc=_docs_decorators.py:109
2026-09-09T05:10:44.265030Z [info     ] Skipping registering function DataSourceManager._bind_asset_factory_method_if_not_present.<locals>._add_asset_factory because it is a closure [great_expectations._docs_decorators] loc=_docs_decorators.py:109
2026-09-09T05:10:44.265294Z [info     ] Skipping registering function DataSourceManager._bind_asset_factory_method_if_not_present.<locals>._add_asset_factory because it is a closure [great_expectations._docs_decorators] loc=_docs_decorators.py:109
2026-09-09T05:10:44.265573Z [info     ] Skipping registering function DataSourceManager._bind_asset_factory_method_if_not_present.<locals>._add_asset_factory because it is a closure [great_expectations._docs_decorators] loc=_docs_decorators.py:109
2026-09-09T05:10:44.265857Z [info     ] Skipping registering function DataSourceManager._bind_asset_factory_method_if_not_present.<locals>._add_asset_factory because it is a closure [great_expectations._docs_decorators] loc=_docs_decorators.py:109
2026-09-09T05:10:44.266194Z [info     ] Skipping registering function DataSourceManager._bind_asset_factory_method_if_not_present.<locals>._add_asset_factory because it is a closure [great_expectations._docs_decorators] loc=_docs_decorators.py:109
2026-09-09T05:10:44.266460Z [info     ] Skipping registering function DataSourceManager._bind_asset_factory_method_if_not_present.<locals>._add_asset_factory because it is a closure [great_expectations._docs_decorators] loc=_docs_decorators.py:109
2026-09-09T05:10:44.266710Z [info     ] Skipping registering function DataSourceManager._bind_asset_factory_method_if_not_present.<locals>._add_asset_factory because it is a closure [great_expectations._docs_decorators] loc=_docs_decorators.py:109
2026-09-09T05:10:44.266902Z [info     ] Skipping registering function DataSourceManager._bind_asset_factory_method_if_not_present.<locals>._add_asset_factory because it is a closure [great_expectations._docs_decorators] loc=_docs_decorators.py:109
2026-09-09T05:10:44.268401Z [info     ] Skipping registering function DataSourceManager._bind_asset_factory_method_if_not_present.<locals>._add_asset_factory because it is a closure [great_expectations._docs_decorators] loc=_docs_decorators.py:109
2026-09-09T05:10:44.270318Z [info     ] Skipping registering function DataSourceManager._bind_asset_factory_method_if_not_present.<locals>._add_asset_factory because it is a closure [great_expectations._docs_decorators] loc=_docs_decorators.py:109
2026-09-09T05:10:44.271711Z [info     ] Skipping registering function DataSourceManager._bind_asset_factory_method_if_not_present.<locals>._add_asset_factory because it is a closure [great_expectations._docs_decorators] loc=_docs_decorators.py:109
2026-09-09T05:10:44.272419Z [info     ] Skipping registering function DataSourceManager._bind_asset_factory_method_if_not_present.<locals>._add_asset_factory because it is a closure [great_expectations._docs_decorators] loc=_docs_decorators.py:109
2026-09-09T05:10:44.272823Z [info     ] Skipping registering function DataSourceManager._register_add_datasource.<locals>.crud_method_info because it is a closure [great_expectations._docs_decorators] loc=_docs_decorators.py:109
2026-09-09T05:10:44.272995Z [info     ] Skipping registering function DataSourceManager._register_update_datasource.<locals>.crud_method_info because it is a closure [great_expectations._docs_decorators] loc=_docs_decorators.py:109
2026-09-09T05:10:44.273412Z [info     ] Skipping registering function DataSourceManager._register_add_or_update_datasource.<locals>.crud_method_info because it is a closure [great_expectations._docs_decorators] loc=_docs_decorators.py:109
2026-09-09T05:10:44.274272Z [info     ] Skipping registering function DataSourceManager._register_delete_datasource.<locals>.crud_method_info because it is a closure [great_expectations._docs_decorators] loc=_docs_decorators.py:109
2026-09-09T05:10:44.279332Z [info     ] Skipping registering function DataSourceManager._register_add_datasource.<locals>.crud_method_info because it is a closure [great_expectations._docs_decorators] loc=_docs_decorators.py:109
2026-09-09T05:10:44.279556Z [info     ] Skipping registering function DataSourceManager._register_update_datasource.<locals>.crud_method_info because it is a closure [great_expectations._docs_decorators] loc=_docs_decorators.py:109
2026-09-09T05:10:44.279707Z [info     ] Skipping registering function DataSourceManager._register_add_or_update_datasource.<locals>.crud_method_info because it is a closure [great_expectations._docs_decorators] loc=_docs_decorators.py:109
2026-09-09T05:10:44.279841Z [info     ] Skipping registering function DataSourceManager._register_delete_datasource.<locals>.crud_method_info because it is a closure [great_expectations._docs_decorators] loc=_docs_decorators.py:109
2026-09-09T05:10:44.286185Z [info     ] Skipping registering function DataSourceManager._bind_asset_factory_method_if_not_present.<locals>._add_asset_factory because it is a closure [great_expectations._docs_decorators] loc=_docs_decorators.py:109
2026-09-09T05:10:44.286469Z [info     ] Skipping registering function DataSourceManager._bind_asset_factory_method_if_not_present.<locals>._add_asset_factory because it is a closure [great_expectations._docs_decorators] loc=_docs_decorators.py:109
2026-09-09T05:10:44.286671Z [info     ] Skipping registering function DataSourceManager._bind_asset_factory_method_if_not_present.<locals>._add_asset_factory because it is a closure [great_expectations._docs_decorators] loc=_docs_decorators.py:109
2026-09-09T05:10:44.286916Z [info     ] Skipping registering function DataSourceManager._bind_asset_factory_method_if_not_present.<locals>._add_asset_factory because it is a closure [great_expectations._docs_decorators] loc=_docs_decorators.py:109
2026-09-09T05:10:44.287626Z [info     ] Skipping registering function DataSourceManager._bind_asset_factory_method_if_not_present.<locals>._add_asset_factory because it is a closure [great_expectations._docs_decorators] loc=_docs_decorators.py:109
2026-09-09T05:10:44.288536Z [info     ] Skipping registering function DataSourceManager._bind_asset_factory_method_if_not_present.<locals>._add_asset_factory because it is a closure [great_expectations._docs_decorators] loc=_docs_decorators.py:109
2026-09-09T05:10:44.288925Z [info     ] Skipping registering function DataSourceManager._bind_asset_factory_method_if_not_present.<locals>._add_asset_factory because it is a closure [great_expectations._docs_decorators] loc=_docs_decorators.py:109
2026-09-09T05:10:44.290313Z [info     ] Skipping registering function DataSourceManager._bind_asset_factory_method_if_not_present.<locals>._add_asset_factory because it is a closure [great_expectations._docs_decorators] loc=_docs_decorators.py:109
2026-09-09T05:10:44.290938Z [info     ] Skipping registering function DataSourceManager._bind_asset_factory_method_if_not_present.<locals>._add_asset_factory because it is a closure [great_expectations._docs_decorators] loc=_docs_decorators.py:109
2026-09-09T05:10:44.291888Z [info     ] Skipping registering function DataSourceManager._bind_asset_factory_method_if_not_present.<locals>._add_asset_factory because it is a closure [great_expectations._docs_decorators] loc=_docs_decorators.py:109
2026-09-09T05:10:44.292457Z [info     ] Skipping registering function DataSourceManager._bind_asset_factory_method_if_not_present.<locals>._add_asset_factory because it is a closure [great_expectations._docs_decorators] loc=_docs_decorators.py:109
2026-09-09T05:10:44.292789Z [info     ] Skipping registering function DataSourceManager._bind_asset_factory_method_if_not_present.<locals>._add_asset_factory because it is a closure [great_expectations._docs_decorators] loc=_docs_decorators.py:109
2026-09-09T05:10:44.293201Z [info     ] Skipping registering function DataSourceManager._bind_asset_factory_method_if_not_present.<locals>._add_asset_factory because it is a closure [great_expectations._docs_decorators] loc=_docs_decorators.py:109
2026-09-09T05:10:44.293757Z [info     ] Skipping registering function DataSourceManager._bind_asset_factory_method_if_not_present.<locals>._add_asset_factory because it is a closure [great_expectations._docs_decorators] loc=_docs_decorators.py:109
2026-09-09T05:10:44.294090Z [info     ] Skipping registering function DataSourceManager._bind_asset_factory_method_if_not_present.<locals>._add_asset_factory because it is a closure [great_expectations._docs_decorators] loc=_docs_decorators.py:109
2026-09-09T05:10:44.294297Z [info     ] Skipping registering function DataSourceManager._register_add_datasource.<locals>.crud_method_info because it is a closure [great_expectations._docs_decorators] loc=_docs_decorators.py:109
2026-09-09T05:10:44.294487Z [info     ] Skipping registering function DataSourceManager._register_update_datasource.<locals>.crud_method_info because it is a closure [great_expectations._docs_decorators] loc=_docs_decorators.py:109
2026-09-09T05:10:44.294656Z [info     ] Skipping registering function DataSourceManager._register_add_or_update_datasource.<locals>.crud_method_info because it is a closure [great_expectations._docs_decorators] loc=_docs_decorators.py:109
2026-09-09T05:10:44.294843Z [info     ] Skipping registering function DataSourceManager._register_delete_datasource.<locals>.crud_method_info because it is a closure [great_expectations._docs_decorators] loc=_docs_decorators.py:109
2026-09-09T05:10:44.302576Z [info     ] Skipping registering function DataSourceManager._bind_asset_factory_method_if_not_present.<locals>._add_asset_factory because it is a closure [great_expectations._docs_decorators] loc=_docs_decorators.py:109
2026-09-09T05:10:44.302970Z [info     ] Skipping registering function DataSourceManager._bind_asset_factory_method_if_not_present.<locals>._add_asset_factory because it is a closure [great_expectations._docs_decorators] loc=_docs_decorators.py:109
2026-09-09T05:10:44.303235Z [info     ] Skipping registering function DataSourceManager._bind_asset_factory_method_if_not_present.<locals>._add_asset_factory because it is a closure [great_expectations._docs_decorators] loc=_docs_decorators.py:109
2026-09-09T05:10:44.303522Z [info     ] Skipping registering function DataSourceManager._bind_asset_factory_method_if_not_present.<locals>._add_asset_factory because it is a closure [great_expectations._docs_decorators] loc=_docs_decorators.py:109
2026-09-09T05:10:44.303861Z [info     ] Skipping registering function DataSourceManager._bind_asset_factory_method_if_not_present.<locals>._add_asset_factory because it is a closure [great_expectations._docs_decorators] loc=_docs_decorators.py:109
2026-09-09T05:10:44.304242Z [info     ] Skipping registering function DataSourceManager._bind_asset_factory_method_if_not_present.<locals>._add_asset_factory because it is a closure [great_expectations._docs_decorators] loc=_docs_decorators.py:109
2026-09-09T05:10:44.304562Z [info     ] Skipping registering function DataSourceManager._bind_asset_factory_method_if_not_present.<locals>._add_asset_factory because it is a closure [great_expectations._docs_decorators] loc=_docs_decorators.py:109
2026-09-09T05:10:44.304840Z [info     ] Skipping registering function DataSourceManager._bind_asset_factory_method_if_not_present.<locals>._add_asset_factory because it is a closure [great_expectations._docs_decorators] loc=_docs_decorators.py:109
2026-09-09T05:10:44.305157Z [info     ] Skipping registering function DataSourceManager._bind_asset_factory_method_if_not_present.<locals>._add_asset_factory because it is a closure [great_expectations._docs_decorators] loc=_docs_decorators.py:109
2026-09-09T05:10:44.306426Z [info     ] Skipping registering function DataSourceManager._bind_asset_factory_method_if_not_present.<locals>._add_asset_factory because it is a closure [great_expectations._docs_decorators] loc=_docs_decorators.py:109
2026-09-09T05:10:44.307613Z [info     ] Skipping registering function DataSourceManager._bind_asset_factory_method_if_not_present.<locals>._add_asset_factory because it is a closure [great_expectations._docs_decorators] loc=_docs_decorators.py:109
2026-09-09T05:10:44.309225Z [info     ] Skipping registering function DataSourceManager._bind_asset_factory_method_if_not_present.<locals>._add_asset_factory because it is a closure [great_expectations._docs_decorators] loc=_docs_decorators.py:109
2026-09-09T05:10:44.310233Z [info     ] Skipping registering function DataSourceManager._bind_asset_factory_method_if_not_present.<locals>._add_asset_factory because it is a closure [great_expectations._docs_decorators] loc=_docs_decorators.py:109
2026-09-09T05:10:44.310915Z [info     ] Skipping registering function DataSourceManager._bind_asset_factory_method_if_not_present.<locals>._add_asset_factory because it is a closure [great_expectations._docs_decorators] loc=_docs_decorators.py:109
2026-09-09T05:10:44.311747Z [info     ] Skipping registering function DataSourceManager._bind_asset_factory_method_if_not_present.<locals>._add_asset_factory because it is a closure [great_expectations._docs_decorators] loc=_docs_decorators.py:109
2026-09-09T05:10:44.312186Z [info     ] Skipping registering function DataSourceManager._register_add_datasource.<locals>.crud_method_info because it is a closure [great_expectations._docs_decorators] loc=_docs_decorators.py:109
2026-09-09T05:10:44.312729Z [info     ] Skipping registering function DataSourceManager._register_update_datasource.<locals>.crud_method_info because it is a closure [great_expectations._docs_decorators] loc=_docs_decorators.py:109
2026-09-09T05:10:44.313135Z [info     ] Skipping registering function DataSourceManager._register_add_or_update_datasource.<locals>.crud_method_info because it is a closure [great_expectations._docs_decorators] loc=_docs_decorators.py:109
2026-09-09T05:10:44.313335Z [info     ] Skipping registering function DataSourceManager._register_delete_datasource.<locals>.crud_method_info because it is a closure [great_expectations._docs_decorators] loc=_docs_decorators.py:109
2026-09-09T05:10:44.319592Z [info     ] Skipping registering function DataSourceManager._bind_asset_factory_method_if_not_present.<locals>._add_asset_factory because it is a closure [great_expectations._docs_decorators] loc=_docs_decorators.py:109
2026-09-09T05:10:44.319896Z [info     ] Skipping registering function DataSourceManager._bind_asset_factory_method_if_not_present.<locals>._add_asset_factory because it is a closure [great_expectations._docs_decorators] loc=_docs_decorators.py:109
2026-09-09T05:10:44.320155Z [info     ] Skipping registering function DataSourceManager._bind_asset_factory_method_if_not_present.<locals>._add_asset_factory because it is a closure [great_expectations._docs_decorators] loc=_docs_decorators.py:109
2026-09-09T05:10:44.320432Z [info     ] Skipping registering function DataSourceManager._bind_asset_factory_method_if_not_present.<locals>._add_asset_factory because it is a closure [great_expectations._docs_decorators] loc=_docs_decorators.py:109
2026-09-09T05:10:44.320733Z [info     ] Skipping registering function DataSourceManager._bind_asset_factory_method_if_not_present.<locals>._add_asset_factory because it is a closure [great_expectations._docs_decorators] loc=_docs_decorators.py:109
2026-09-09T05:10:44.321075Z [info     ] Skipping registering function DataSourceManager._bind_asset_factory_method_if_not_present.<locals>._add_asset_factory because it is a closure [great_expectations._docs_decorators] loc=_docs_decorators.py:109
2026-09-09T05:10:44.321376Z [info     ] Skipping registering function DataSourceManager._bind_asset_factory_method_if_not_present.<locals>._add_asset_factory because it is a closure [great_expectations._docs_decorators] loc=_docs_decorators.py:109
2026-09-09T05:10:44.321679Z [info     ] Skipping registering function DataSourceManager._bind_asset_factory_method_if_not_present.<locals>._add_asset_factory because it is a closure [great_expectations._docs_decorators] loc=_docs_decorators.py:109
2026-09-09T05:10:44.321958Z [info     ] Skipping registering function DataSourceManager._bind_asset_factory_method_if_not_present.<locals>._add_asset_factory because it is a closure [great_expectations._docs_decorators] loc=_docs_decorators.py:109
2026-09-09T05:10:44.322200Z [info     ] Skipping registering function DataSourceManager._bind_asset_factory_method_if_not_present.<locals>._add_asset_factory because it is a closure [great_expectations._docs_decorators] loc=_docs_decorators.py:109
2026-09-09T05:10:44.323519Z [info     ] Skipping registering function DataSourceManager._bind_asset_factory_method_if_not_present.<locals>._add_asset_factory because it is a closure [great_expectations._docs_decorators] loc=_docs_decorators.py:109
2026-09-09T05:10:44.325018Z [info     ] Skipping registering function DataSourceManager._bind_asset_factory_method_if_not_present.<locals>._add_asset_factory because it is a closure [great_expectations._docs_decorators] loc=_docs_decorators.py:109
2026-09-09T05:10:44.326100Z [info     ] Skipping registering function DataSourceManager._bind_asset_factory_method_if_not_present.<locals>._add_asset_factory because it is a closure [great_expectations._docs_decorators] loc=_docs_decorators.py:109
2026-09-09T05:10:44.327081Z [info     ] Skipping registering function DataSourceManager._bind_asset_factory_method_if_not_present.<locals>._add_asset_factory because it is a closure [great_expectations._docs_decorators] loc=_docs_decorators.py:109
2026-09-09T05:10:44.328457Z [info     ] Skipping registering function DataSourceManager._bind_asset_factory_method_if_not_present.<locals>._add_asset_factory because it is a closure [great_expectations._docs_decorators] loc=_docs_decorators.py:109
2026-09-09T05:10:44.330811Z [info     ] Skipping registering function DataSourceManager._register_add_datasource.<locals>.crud_method_info because it is a closure [great_expectations._docs_decorators] loc=_docs_decorators.py:109
2026-09-09T05:10:44.331391Z [info     ] Skipping registering function DataSourceManager._register_update_datasource.<locals>.crud_method_info because it is a closure [great_expectations._docs_decorators] loc=_docs_decorators.py:109
2026-09-09T05:10:44.331618Z [info     ] Skipping registering function DataSourceManager._register_add_or_update_datasource.<locals>.crud_method_info because it is a closure [great_expectations._docs_decorators] loc=_docs_decorators.py:109
2026-09-09T05:10:44.331792Z [info     ] Skipping registering function DataSourceManager._register_delete_datasource.<locals>.crud_method_info because it is a closure [great_expectations._docs_decorators] loc=_docs_decorators.py:109
2026-09-09T05:10:44.385417Z [info     ] Skipping registering function DataSourceManager._register_add_datasource.<locals>.crud_method_info because it is a closure [great_expectations._docs_decorators] loc=_docs_decorators.py:109
2026-09-09T05:10:44.385728Z [info     ] Skipping registering function DataSourceManager._register_update_datasource.<locals>.crud_method_info because it is a closure [great_expectations._docs_decorators] loc=_docs_decorators.py:109
2026-09-09T05:10:44.385898Z [info     ] Skipping registering function DataSourceManager._register_add_or_update_datasource.<locals>.crud_method_info because it is a closure [great_expectations._docs_decorators] loc=_docs_decorators.py:109
2026-09-09T05:10:44.386045Z [info     ] Skipping registering function DataSourceManager._register_delete_datasource.<locals>.crud_method_info because it is a closure [great_expectations._docs_decorators] loc=_docs_decorators.py:109
2026-09-09T05:10:44.405951Z [info     ] Skipping registering function DataSourceManager._register_add_datasource.<locals>.crud_method_info because it is a closure [great_expectations._docs_decorators] loc=_docs_decorators.py:109
2026-09-09T05:10:44.406146Z [info     ] Skipping registering function DataSourceManager._register_update_datasource.<locals>.crud_method_info because it is a closure [great_expectations._docs_decorators] loc=_docs_decorators.py:109
2026-09-09T05:10:44.406245Z [info     ] Skipping registering function DataSourceManager._register_add_or_update_datasource.<locals>.crud_method_info because it is a closure [great_expectations._docs_decorators] loc=_docs_decorators.py:109
2026-09-09T05:10:44.406408Z [info     ] Skipping registering function DataSourceManager._register_delete_datasource.<locals>.crud_method_info because it is a closure [great_expectations._docs_decorators] loc=_docs_decorators.py:109
2026-09-09T05:10:44.415494Z [info     ] Skipping registering function DataSourceManager._register_add_datasource.<locals>.crud_method_info because it is a closure [great_expectations._docs_decorators] loc=_docs_decorators.py:109
2026-09-09T05:10:44.415712Z [info     ] Skipping registering function DataSourceManager._register_update_datasource.<locals>.crud_method_info because it is a closure [great_expectations._docs_decorators] loc=_docs_decorators.py:109
2026-09-09T05:10:44.415819Z [info     ] Skipping registering function DataSourceManager._register_add_or_update_datasource.<locals>.crud_method_info because it is a closure [great_expectations._docs_decorators] loc=_docs_decorators.py:109
2026-09-09T05:10:44.415961Z [info     ] Skipping registering function DataSourceManager._register_delete_datasource.<locals>.crud_method_info because it is a closure [great_expectations._docs_decorators] loc=_docs_decorators.py:109
2026-09-09T05:10:44.424667Z [info     ] Skipping registering function DataSourceManager._register_add_datasource.<locals>.crud_method_info because it is a closure [great_expectations._docs_decorators] loc=_docs_decorators.py:109
2026-09-09T05:10:44.424869Z [info     ] Skipping registering function DataSourceManager._register_update_datasource.<locals>.crud_method_info because it is a closure [great_expectations._docs_decorators] loc=_docs_decorators.py:109
2026-09-09T05:10:44.424987Z [info     ] Skipping registering function DataSourceManager._register_add_or_update_datasource.<locals>.crud_method_info because it is a closure [great_expectations._docs_decorators] loc=_docs_decorators.py:109
2026-09-09T05:10:44.425092Z [info     ] Skipping registering function DataSourceManager._register_delete_datasource.<locals>.crud_method_info because it is a closure [great_expectations._docs_decorators] loc=_docs_decorators.py:109
2026-09-09T05:10:44.433259Z [info     ] Skipping registering function DataSourceManager._register_add_datasource.<locals>.crud_method_info because it is a closure [great_expectations._docs_decorators] loc=_docs_decorators.py:109
2026-09-09T05:10:44.433461Z [info     ] Skipping registering function DataSourceManager._register_update_datasource.<locals>.crud_method_info because it is a closure [great_expectations._docs_decorators] loc=_docs_decorators.py:109
2026-09-09T05:10:44.433552Z [info     ] Skipping registering function DataSourceManager._register_add_or_update_datasource.<locals>.crud_method_info because it is a closure [great_expectations._docs_decorators] loc=_docs_decorators.py:109
2026-09-09T05:10:44.433656Z [info     ] Skipping registering function DataSourceManager._register_delete_datasource.<locals>.crud_method_info because it is a closure [great_expectations._docs_decorators] loc=_docs_decorators.py:109
2026-09-09T05:10:44.707043Z [info     ] Multiple declarations of metric table.column_types for engine PandasExecutionEngine. [great_expectations.expectations.registry] loc=registry.py:290
2026-09-09T05:10:44.707453Z [info     ] Multiple declarations of metric table.column_types for engine SparkDFExecutionEngine. [great_expectations.expectations.registry] loc=registry.py:290
2026-09-09T05:10:44.725900Z [info     ] Skipping registering function DataSourceManager._register_add_datasource.<locals>.crud_method_info because it is a closure [great_expectations._docs_decorators] loc=_docs_decorators.py:109
2026-09-09T05:10:44.726279Z [info     ] Skipping registering function DataSourceManager._register_update_datasource.<locals>.crud_method_info because it is a closure [great_expectations._docs_decorators] loc=_docs_decorators.py:109
2026-09-09T05:10:44.726621Z [info     ] Skipping registering function DataSourceManager._register_add_or_update_datasource.<locals>.crud_method_info because it is a closure [great_expectations._docs_decorators] loc=_docs_decorators.py:109
2026-09-09T05:10:44.727254Z [info     ] Skipping registering function DataSourceManager._register_delete_datasource.<locals>.crud_method_info because it is a closure [great_expectations._docs_decorators] loc=_docs_decorators.py:109
2026-09-09T05:10:44.756123Z [info     ] Skipping registering function DataSourceManager._register_add_datasource.<locals>.crud_method_info because it is a closure [great_expectations._docs_decorators] loc=_docs_decorators.py:109
2026-09-09T05:10:44.756585Z [info     ] Skipping registering function DataSourceManager._register_update_datasource.<locals>.crud_method_info because it is a closure [great_expectations._docs_decorators] loc=_docs_decorators.py:109
2026-09-09T05:10:44.756949Z [info     ] Skipping registering function DataSourceManager._register_add_or_update_datasource.<locals>.crud_method_info because it is a closure [great_expectations._docs_decorators] loc=_docs_decorators.py:109
2026-09-09T05:10:44.757365Z [info     ] Skipping registering function DataSourceManager._register_delete_datasource.<locals>.crud_method_info because it is a closure [great_expectations._docs_decorators] loc=_docs_decorators.py:109
2026-09-09T05:10:45.282703Z [info     ] Skipping registering function DataSourceManager._bind_asset_factory_method_if_not_present.<locals>._add_asset_factory because it is a closure [great_expectations._docs_decorators] loc=_docs_decorators.py:109
2026-09-09T05:10:45.283234Z [info     ] Skipping registering function DataSourceManager._bind_asset_factory_method_if_not_present.<locals>._add_asset_factory because it is a closure [great_expectations._docs_decorators] loc=_docs_decorators.py:109
2026-09-09T05:10:45.284225Z [info     ] Skipping registering function DataSourceManager._bind_asset_factory_method_if_not_present.<locals>._add_asset_factory because it is a closure [great_expectations._docs_decorators] loc=_docs_decorators.py:109
2026-09-09T05:10:45.284674Z [info     ] Skipping registering function DataSourceManager._bind_asset_factory_method_if_not_present.<locals>._add_asset_factory because it is a closure [great_expectations._docs_decorators] loc=_docs_decorators.py:109
2026-09-09T05:10:45.285613Z [info     ] Skipping registering function DataSourceManager._bind_asset_factory_method_if_not_present.<locals>._add_asset_factory because it is a closure [great_expectations._docs_decorators] loc=_docs_decorators.py:109
2026-09-09T05:10:45.286340Z [info     ] Skipping registering function DataSourceManager._bind_asset_factory_method_if_not_present.<locals>._add_asset_factory because it is a closure [great_expectations._docs_decorators] loc=_docs_decorators.py:109
2026-09-09T05:10:45.287279Z [info     ] Skipping registering function DataSourceManager._bind_asset_factory_method_if_not_present.<locals>._add_asset_factory because it is a closure [great_expectations._docs_decorators] loc=_docs_decorators.py:109
2026-09-09T05:10:45.288896Z [info     ] Skipping registering function DataSourceManager._bind_asset_factory_method_if_not_present.<locals>._add_asset_factory because it is a closure [great_expectations._docs_decorators] loc=_docs_decorators.py:109
2026-09-09T05:10:45.290106Z [info     ] Skipping registering function DataSourceManager._bind_asset_factory_method_if_not_present.<locals>._add_asset_factory because it is a closure [great_expectations._docs_decorators] loc=_docs_decorators.py:109
2026-09-09T05:10:45.290677Z [info     ] Skipping registering function DataSourceManager._bind_asset_factory_method_if_not_present.<locals>._add_asset_factory because it is a closure [great_expectations._docs_decorators] loc=_docs_decorators.py:109
2026-09-09T05:10:45.292515Z [info     ] Skipping registering function DataSourceManager._bind_asset_factory_method_if_not_present.<locals>._add_asset_factory because it is a closure [great_expectations._docs_decorators] loc=_docs_decorators.py:109
2026-09-09T05:10:45.293359Z [info     ] Skipping registering function DataSourceManager._bind_asset_factory_method_if_not_present.<locals>._add_asset_factory because it is a closure [great_expectations._docs_decorators] loc=_docs_decorators.py:109
2026-09-09T05:10:45.293788Z [info     ] Skipping registering function DataSourceManager._register_add_datasource.<locals>.crud_method_info because it is a closure [great_expectations._docs_decorators] loc=_docs_decorators.py:109
2026-09-09T05:10:45.294037Z [info     ] Skipping registering function DataSourceManager._register_update_datasource.<locals>.crud_method_info because it is a closure [great_expectations._docs_decorators] loc=_docs_decorators.py:109
2026-09-09T05:10:45.294219Z [info     ] Skipping registering function DataSourceManager._register_add_or_update_datasource.<locals>.crud_method_info because it is a closure [great_expectations._docs_decorators] loc=_docs_decorators.py:109
2026-09-09T05:10:45.294385Z [info     ] Skipping registering function DataSourceManager._register_delete_datasource.<locals>.crud_method_info because it is a closure [great_expectations._docs_decorators] loc=_docs_decorators.py:109
2026-09-09T05:10:45.302332Z [info     ] Skipping registering function DataSourceManager._register_add_datasource.<locals>.crud_method_info because it is a closure [great_expectations._docs_decorators] loc=_docs_decorators.py:109
2026-09-09T05:10:45.302649Z [info     ] Skipping registering function DataSourceManager._register_update_datasource.<locals>.crud_method_info because it is a closure [great_expectations._docs_decorators] loc=_docs_decorators.py:109
2026-09-09T05:10:45.302903Z [info     ] Skipping registering function DataSourceManager._register_add_or_update_datasource.<locals>.crud_method_info because it is a closure [great_expectations._docs_decorators] loc=_docs_decorators.py:109
2026-09-09T05:10:45.303082Z [info     ] Skipping registering function DataSourceManager._register_delete_datasource.<locals>.crud_method_info because it is a closure [great_expectations._docs_decorators] loc=_docs_decorators.py:109
2026-09-09T05:10:45.319650Z [info     ] Skipping registering function DataSourceManager._bind_asset_factory_method_if_not_present.<locals>._add_asset_factory because it is a closure [great_expectations._docs_decorators] loc=_docs_decorators.py:109
2026-09-09T05:10:45.319981Z [info     ] Skipping registering function DataSourceManager._bind_asset_factory_method_if_not_present.<locals>._add_asset_factory because it is a closure [great_expectations._docs_decorators] loc=_docs_decorators.py:109
2026-09-09T05:10:45.320290Z [info     ] Skipping registering function DataSourceManager._bind_asset_factory_method_if_not_present.<locals>._add_asset_factory because it is a closure [great_expectations._docs_decorators] loc=_docs_decorators.py:109
2026-09-09T05:10:45.320521Z [info     ] Skipping registering function DataSourceManager._bind_asset_factory_method_if_not_present.<locals>._add_asset_factory because it is a closure [great_expectations._docs_decorators] loc=_docs_decorators.py:109
2026-09-09T05:10:45.320799Z [info     ] Skipping registering function DataSourceManager._bind_asset_factory_method_if_not_present.<locals>._add_asset_factory because it is a closure [great_expectations._docs_decorators] loc=_docs_decorators.py:109
2026-09-09T05:10:45.321119Z [info     ] Skipping registering function DataSourceManager._bind_asset_factory_method_if_not_present.<locals>._add_asset_factory because it is a closure [great_expectations._docs_decorators] loc=_docs_decorators.py:109
2026-09-09T05:10:45.321445Z [info     ] Skipping registering function DataSourceManager._bind_asset_factory_method_if_not_present.<locals>._add_asset_factory because it is a closure [great_expectations._docs_decorators] loc=_docs_decorators.py:109
2026-09-09T05:10:45.321748Z [info     ] Skipping registering function DataSourceManager._bind_asset_factory_method_if_not_present.<locals>._add_asset_factory because it is a closure [great_expectations._docs_decorators] loc=_docs_decorators.py:109
2026-09-09T05:10:45.322040Z [info     ] Skipping registering function DataSourceManager._bind_asset_factory_method_if_not_present.<locals>._add_asset_factory because it is a closure [great_expectations._docs_decorators] loc=_docs_decorators.py:109
2026-09-09T05:10:45.322319Z [info     ] Skipping registering function DataSourceManager._bind_asset_factory_method_if_not_present.<locals>._add_asset_factory because it is a closure [great_expectations._docs_decorators] loc=_docs_decorators.py:109
2026-09-09T05:10:45.322558Z [info     ] Skipping registering function DataSourceManager._bind_asset_factory_method_if_not_present.<locals>._add_asset_factory because it is a closure [great_expectations._docs_decorators] loc=_docs_decorators.py:109
2026-09-09T05:10:45.322848Z [info     ] Skipping registering function DataSourceManager._bind_asset_factory_method_if_not_present.<locals>._add_asset_factory because it is a closure [great_expectations._docs_decorators] loc=_docs_decorators.py:109
2026-09-09T05:10:45.323103Z [info     ] Skipping registering function DataSourceManager._register_add_datasource.<locals>.crud_method_info because it is a closure [great_expectations._docs_decorators] loc=_docs_decorators.py:109
2026-09-09T05:10:45.323297Z [info     ] Skipping registering function DataSourceManager._register_update_datasource.<locals>.crud_method_info because it is a closure [great_expectations._docs_decorators] loc=_docs_decorators.py:109
2026-09-09T05:10:45.323478Z [info     ] Skipping registering function DataSourceManager._register_add_or_update_datasource.<locals>.crud_method_info because it is a closure [great_expectations._docs_decorators] loc=_docs_decorators.py:109
2026-09-09T05:10:45.323661Z [info     ] Skipping registering function DataSourceManager._register_delete_datasource.<locals>.crud_method_info because it is a closure [great_expectations._docs_decorators] loc=_docs_decorators.py:109
2026-09-09T05:10:45.347498Z [info     ] Skipping registering function DataSourceManager._bind_asset_factory_method_if_not_present.<locals>._add_asset_factory because it is a closure [great_expectations._docs_decorators] loc=_docs_decorators.py:109
2026-09-09T05:10:45.348517Z [info     ] Skipping registering function DataSourceManager._bind_asset_factory_method_if_not_present.<locals>._add_asset_factory because it is a closure [great_expectations._docs_decorators] loc=_docs_decorators.py:109
2026-09-09T05:10:45.348853Z [info     ] Skipping registering function DataSourceManager._bind_asset_factory_method_if_not_present.<locals>._add_asset_factory because it is a closure [great_expectations._docs_decorators] loc=_docs_decorators.py:109
2026-09-09T05:10:45.350149Z [info     ] Skipping registering function DataSourceManager._bind_asset_factory_method_if_not_present.<locals>._add_asset_factory because it is a closure [great_expectations._docs_decorators] loc=_docs_decorators.py:109
2026-09-09T05:10:45.351076Z [info     ] Skipping registering function DataSourceManager._bind_asset_factory_method_if_not_present.<locals>._add_asset_factory because it is a closure [great_expectations._docs_decorators] loc=_docs_decorators.py:109
2026-09-09T05:10:45.352097Z [info     ] Skipping registering function DataSourceManager._bind_asset_factory_method_if_not_present.<locals>._add_asset_factory because it is a closure [great_expectations._docs_decorators] loc=_docs_decorators.py:109
2026-09-09T05:10:45.354279Z [info     ] Skipping registering function DataSourceManager._bind_asset_factory_method_if_not_present.<locals>._add_asset_factory because it is a closure [great_expectations._docs_decorators] loc=_docs_decorators.py:109
2026-09-09T05:10:45.354761Z [info     ] Skipping registering function DataSourceManager._bind_asset_factory_method_if_not_present.<locals>._add_asset_factory because it is a closure [great_expectations._docs_decorators] loc=_docs_decorators.py:109
2026-09-09T05:10:45.355098Z [info     ] Skipping registering function DataSourceManager._bind_asset_factory_method_if_not_present.<locals>._add_asset_factory because it is a closure [great_expectations._docs_decorators] loc=_docs_decorators.py:109
2026-09-09T05:10:45.355365Z [info     ] Skipping registering function DataSourceManager._bind_asset_factory_method_if_not_present.<locals>._add_asset_factory because it is a closure [great_expectations._docs_decorators] loc=_docs_decorators.py:109
2026-09-09T05:10:45.355650Z [info     ] Skipping registering function DataSourceManager._bind_asset_factory_method_if_not_present.<locals>._add_asset_factory because it is a closure [great_expectations._docs_decorators] loc=_docs_decorators.py:109
2026-09-09T05:10:45.355932Z [info     ] Skipping registering function DataSourceManager._bind_asset_factory_method_if_not_present.<locals>._add_asset_factory because it is a closure [great_expectations._docs_decorators] loc=_docs_decorators.py:109
2026-09-09T05:10:45.356147Z [info     ] Skipping registering function DataSourceManager._register_add_datasource.<locals>.crud_method_info because it is a closure [great_expectations._docs_decorators] loc=_docs_decorators.py:109
2026-09-09T05:10:45.356314Z [info     ] Skipping registering function DataSourceManager._register_update_datasource.<locals>.crud_method_info because it is a closure [great_expectations._docs_decorators] loc=_docs_decorators.py:109
2026-09-09T05:10:45.356492Z [info     ] Skipping registering function DataSourceManager._register_add_or_update_datasource.<locals>.crud_method_info because it is a closure [great_expectations._docs_decorators] loc=_docs_decorators.py:109
2026-09-09T05:10:45.356649Z [info     ] Skipping registering function DataSourceManager._register_delete_datasource.<locals>.crud_method_info because it is a closure [great_expectations._docs_decorators] loc=_docs_decorators.py:109
2026-09-09T05:10:45.382339Z [info     ] Skipping registering function DataSourceManager._bind_asset_factory_method_if_not_present.<locals>._add_asset_factory because it is a closure [great_expectations._docs_decorators] loc=_docs_decorators.py:109
2026-09-09T05:10:45.382656Z [info     ] Skipping registering function DataSourceManager._bind_asset_factory_method_if_not_present.<locals>._add_asset_factory because it is a closure [great_expectations._docs_decorators] loc=_docs_decorators.py:109
2026-09-09T05:10:45.382939Z [info     ] Skipping registering function DataSourceManager._bind_asset_factory_method_if_not_present.<locals>._add_asset_factory because it is a closure [great_expectations._docs_decorators] loc=_docs_decorators.py:109
2026-09-09T05:10:45.383176Z [info     ] Skipping registering function DataSourceManager._bind_asset_factory_method_if_not_present.<locals>._add_asset_factory because it is a closure [great_expectations._docs_decorators] loc=_docs_decorators.py:109
2026-09-09T05:10:45.383501Z [info     ] Skipping registering function DataSourceManager._bind_asset_factory_method_if_not_present.<locals>._add_asset_factory because it is a closure [great_expectations._docs_decorators] loc=_docs_decorators.py:109
2026-09-09T05:10:45.383780Z [info     ] Skipping registering function DataSourceManager._bind_asset_factory_method_if_not_present.<locals>._add_asset_factory because it is a closure [great_expectations._docs_decorators] loc=_docs_decorators.py:109
2026-09-09T05:10:45.384174Z [info     ] Skipping registering function DataSourceManager._bind_asset_factory_method_if_not_present.<locals>._add_asset_factory because it is a closure [great_expectations._docs_decorators] loc=_docs_decorators.py:109
2026-09-09T05:10:45.384503Z [info     ] Skipping registering function DataSourceManager._bind_asset_factory_method_if_not_present.<locals>._add_asset_factory because it is a closure [great_expectations._docs_decorators] loc=_docs_decorators.py:109
2026-09-09T05:10:45.384763Z [info     ] Skipping registering function DataSourceManager._bind_asset_factory_method_if_not_present.<locals>._add_asset_factory because it is a closure [great_expectations._docs_decorators] loc=_docs_decorators.py:109
2026-09-09T05:10:45.385036Z [info     ] Skipping registering function DataSourceManager._bind_asset_factory_method_if_not_present.<locals>._add_asset_factory because it is a closure [great_expectations._docs_decorators] loc=_docs_decorators.py:109
2026-09-09T05:10:45.385311Z [info     ] Skipping registering function DataSourceManager._bind_asset_factory_method_if_not_present.<locals>._add_asset_factory because it is a closure [great_expectations._docs_decorators] loc=_docs_decorators.py:109
2026-09-09T05:10:45.385565Z [info     ] Skipping registering function DataSourceManager._bind_asset_factory_method_if_not_present.<locals>._add_asset_factory because it is a closure [great_expectations._docs_decorators] loc=_docs_decorators.py:109
2026-09-09T05:10:45.385785Z [info     ] Skipping registering function DataSourceManager._register_add_datasource.<locals>.crud_method_info because it is a closure [great_expectations._docs_decorators] loc=_docs_decorators.py:109
2026-09-09T05:10:45.385945Z [info     ] Skipping registering function DataSourceManager._register_update_datasource.<locals>.crud_method_info because it is a closure [great_expectations._docs_decorators] loc=_docs_decorators.py:109
2026-09-09T05:10:45.386098Z [info     ] Skipping registering function DataSourceManager._register_add_or_update_datasource.<locals>.crud_method_info because it is a closure [great_expectations._docs_decorators] loc=_docs_decorators.py:109
2026-09-09T05:10:45.386296Z [info     ] Skipping registering function DataSourceManager._register_delete_datasource.<locals>.crud_method_info because it is a closure [great_expectations._docs_decorators] loc=_docs_decorators.py:109
2026-09-09T05:10:45.391326Z [info     ] Multiple declarations of metric column.standard_deviation for engine PandasExecutionEngine. [great_expectations.expectations.registry] loc=registry.py:290
2026-09-09T05:10:45.391814Z [info     ] Multiple declarations of metric column.standard_deviation.aggregate_fn for engine SparkDFExecutionEngine. [great_expectations.expectations.registry] loc=registry.py:290
2026-09-09T05:10:45.392311Z [info     ] Multiple declarations of metric column.standard_deviation for engine SparkDFExecutionEngine. [great_expectations.expectations.registry] loc=registry.py:290
2026-09-09T05:10:45.404588Z [info     ] Skipping registering function DataSourceManager._register_add_datasource.<locals>.crud_method_info because it is a closure [great_expectations._docs_decorators] loc=_docs_decorators.py:109
2026-09-09T05:10:45.404821Z [info     ] Skipping registering function DataSourceManager._register_update_datasource.<locals>.crud_method_info because it is a closure [great_expectations._docs_decorators] loc=_docs_decorators.py:109
2026-09-09T05:10:45.404962Z [info     ] Skipping registering function DataSourceManager._register_add_or_update_datasource.<locals>.crud_method_info because it is a closure [great_expectations._docs_decorators] loc=_docs_decorators.py:109
2026-09-09T05:10:45.405117Z [info     ] Skipping registering function DataSourceManager._register_delete_datasource.<locals>.crud_method_info because it is a closure [great_expectations._docs_decorators] loc=_docs_decorators.py:109
2026-09-09T05:10:45.418871Z [info     ] Skipping registering function DataSourceManager._register_add_datasource.<locals>.crud_method_info because it is a closure [great_expectations._docs_decorators] loc=_docs_decorators.py:109
2026-09-09T05:10:45.419127Z [info     ] Skipping registering function DataSourceManager._register_update_datasource.<locals>.crud_method_info because it is a closure [great_expectations._docs_decorators] loc=_docs_decorators.py:109
2026-09-09T05:10:45.419277Z [info     ] Skipping registering function DataSourceManager._register_add_or_update_datasource.<locals>.crud_method_info because it is a closure [great_expectations._docs_decorators] loc=_docs_decorators.py:109
2026-09-09T05:10:45.419436Z [info     ] Skipping registering function DataSourceManager._register_delete_datasource.<locals>.crud_method_info because it is a closure [great_expectations._docs_decorators] loc=_docs_decorators.py:109
2026-09-09T05:10:45.434041Z [info     ] Skipping registering function DataSourceManager._register_add_datasource.<locals>.crud_method_info because it is a closure [great_expectations._docs_decorators] loc=_docs_decorators.py:109
2026-09-09T05:10:45.434281Z [info     ] Skipping registering function DataSourceManager._register_update_datasource.<locals>.crud_method_info because it is a closure [great_expectations._docs_decorators] loc=_docs_decorators.py:109
2026-09-09T05:10:45.434448Z [info     ] Skipping registering function DataSourceManager._register_add_or_update_datasource.<locals>.crud_method_info because it is a closure [great_expectations._docs_decorators] loc=_docs_decorators.py:109
2026-09-09T05:10:45.434923Z [info     ] Skipping registering function DataSourceManager._register_delete_datasource.<locals>.crud_method_info because it is a closure [great_expectations._docs_decorators] loc=_docs_decorators.py:109
Import OK: great_expectations
Import OK: deltalake
Import OK: confluent_kafka
Import OK: pydantic
Import OK: chromadb
Import OK: sentence_transformers
Import OK: rank_bm25
Import OK: google.genai
Import OK: torch
Import OK: transformers
Import OK: sentencepiece
Import OK: pyarrow
CPU-only torch: 2.14.0+cpu; CUDA build: None
PASS: packages

CHECK: kafka_connectivity
{"bootstrap": "kafka:29092", "cluster_id": "MkU3OEVBNTcwNTJENDM2Qk", "brokers": {"1": "kafka:29092/1"}}
Kafka metadata request from Airflow succeeded; no business records produced.
PASS: kafka_connectivity

CHECK: airflow_runtime
Airflow core.executor=LocalExecutor
Airflow core.parallelism=1
Airflow core.max_active_runs_per_dag=1
Airflow core.load_examples=false
Airflow health: {"metadatabase": {"status": "healthy"}, "scheduler": {"status": "healthy", "latest_scheduler_heartbeat": "2026-09-09T05:11:07.331456+00:00"}, "triggerer": {"status": "healthy", "latest_triggerer_heartbeat": "2026-09-09T05:11:08.188337+00:00"}, "dag_processor": {"status": "healthy", "latest_dag_processor_heartbeat": "2026-09-09T05:11:12.332605+00:00"}}
SQLite journal_mode: wal
PASS: airflow_runtime

CHECK: lineage_configuration
Traceback (most recent call last):
  File "/opt/airflow/tests/phase_a_smoke.py", line 125, in <module>
    check()
  File "/opt/airflow/tests/phase_a_smoke.py", line 87, in lineage_configuration
    assert not plugins_manager.import_errors, plugins_manager.import_errors
               ^^^^^^^^^^^^^^^^^^^^^^^^^^^^^
AttributeError: module 'airflow.plugins_manager' has no attribute 'import_errors'
OpenLineage provider: 2.20.0

CHECK: source_mount
Source write-open refused by read-only filesystem (EROFS).
Immutable source SHA-256: 4df640b65d3341c1e42e64be7582434aa5e19ceabfa952feb35195f8350a849c
PASS: source_mount
Phase A runtime checks failed: ['lineage_configuration']
Exit code: 1
Finished UTC: 2026-09-09T05:11:21.028213+00:00
